
========================================
  AgentX 全工具测试
========================================

📦 Skills Tools:
  ✅ list_skills - found 0 skills
  ✅ create_skill - id=0a701c49
  ✅ get_skill - {"id":"0a701c49-5193-4369-bc44-a28149cef9a9","type":"skill",
  ✅ update_skill
  ✅ delete_skill

🤖 Agents Tools:
  ✅ list_agents - found 0 agents
  ✅ create_agent - id=08788a6b
  ✅ get_agent
  ✅ update_agent
  ✅ export_agent - C:\Users\HW\.agentx-test-tools\exports\CLAUDE.md
  ✅ delete_agent

📝 Prompts Tools:
  ✅ list_prompts - found 0 prompts
  ✅ create_prompt - id=2ffb4fde
  ✅ get_prompt
  ❌ update_prompt - {"id":"2ffb4fde-577c-4335-aaa2-b8b1b378a4a0","type":"prompt"
  ✅ delete_prompt

📏 Rules Tools:
  ✅ list_rules - found 0 rules
  ✅ create_rule - id=56619a7e
  ✅ get_rule
  ✅ update_rule
  ✅ delete_rule

🔌 MCPs Tools:
  ✅ list_mcps - found 0 mcps
  ✅ create_mcp - id=c1b1e6a8
  ✅ get_mcp
  ✅ update_mcp
  ✅ delete_mcp

🔍 Search Tools:
  ✅ search_assets - results: 0

🔄 Workflows Tools:
  ✅ list_workflows - found 0 workflows
  ✅ create_workflow - id=dcaa5ea9
  ✅ get_workflow
  ✅ update_workflow
  ✅ delete_workflow

📥 Import Tools:
  ✅ import_from_claude - imported: 1, errors: 0

🔄 Batch Tools:
  ✅ batch_tag_add - updated: 2
  ✅ batch_tag_remove - updated: 2
  ✅ batch_delete (dryRun) - deleted: 2

📋 Clone Tools:
  ✅ clone_asset - clone-target-skill

📚 Versions Tools:
  ✅ create_version_snapshot - version=1
  ✅ create_version_snapshot v2 - version=2
  ✅ list_versions - count: 2
  ✅ get_version
  ✅ version_stats - total=2
  ✅ rollback_to_version - Rolled back to version 1
  ✅ clear_versions - deleted=2

📤 Export Tools:
  ✅ export_all (json) - Exported to C:\Users\HW\.agentx-test-tools\test-export.json
  ✅ export_all (yaml) - Exported to C:\Users\HW\.agentx-test-tools\test-export.yaml
  ✅ export_all (zip) - Exported to C:\Users\HW\.agentx-test-tools\test-export.zip

🔗 Dependencies Tools:
  ✅ check_dependencies - safe=true
  ✅ get_dependents - count=0
  ✅ get_dependencies - count=0
  ✅ get_dependency_graph - total=0
  ✅ detect_circular_dependency - has_cycle=false

========================================
  Test Summary
========================================
  ✅ Passed: 51
  ❌ Failed: 1
  ⏭️  Skipped: 0
  📊 Total:   52
========================================

Failed tools:
  - update_prompt: {"id":"2ffb4fde-577c-4335-aaa2-b8b1b378a4a0","type":"prompt"
